uso:
  release estado     [<repo>] [--json]
  release listar     <repo> [<prefixo>] [--json]
  release ler        <repo> <caminho>
  release procurar   <repo> --termo <termo> [<prefixo>] [--json]
  release conferir   <classe> [<alvo>] [--ref <rev>] [--json]
  release promover   <repo> [<rev>] [--ensaio]
  release reverter   <repo> [<rev>] [--ensaio]
  release promover   abertura [<rev>] [--ensaio]   publica a abertura do harness na rev (sem rev: origin/main)
  release reverter   abertura [<sha>] [--ensaio]   volta a abertura a um sha ja publicado (sem sha: o anterior)

raiz servida: PF_PROD_RAIZ[=$HOME/AI/var/prod]
promover: <rev> (sha ou tag) obrigatória em família com stack; sem rev, avança para origin/main
exit: 0 achou/fez · 1 nao existe · 2 uso · 3 dependencia · 4 politica · 5 indeterminavel
